Copyright 1986-2022 Xilinx, Inc. All Rights Reserved. Copyright 2022-2026 Advanced Micro Devices, Inc. All Rights Reserved.
---------------------------------------------------------------------------------------------------------------------------------------------
| Tool Version : Vivado v.2026.1 (win64) Build 6511674 Tue Jun 16 11:02:23 MDT 2026
| Date         : Fri Sep 25 22:18:04 2026
| Host         : Abhay_PC running 64-bit major release  (build 9200)
| Command      : report_clocks -file {C:/Users/abhay/OneDrive/Documents/projects/Trade CPU/checkpoints/reports/impl_clocks.rpt}
| Design       : tradecpu_top
| Device       : 7s50-csga324
| Speed File   : -2  PRODUCTION 1.23 2018-06-13
| Design State : Routed
---------------------------------------------------------------------------------------------------------------------------------------------

Clock Report


Attributes
  P: Propagated
  G: Generated
  A: Auto-derived
  R: Renamed
  V: Virtual
  I: Inverted
  S: Pin phase-shifted with Latency mode

Clock       Period(ns)  Waveform(ns)    Attributes  Sources
clk100      10.000      {0.000 5.000}   P           {CLK_100MHZ}
clk50_mmcm  20.000      {0.000 10.000}  P,G,A       {u_mmcm/CLKOUT0}
clk_fb      10.000      {0.000 5.000}   P,G,A       {u_mmcm/CLKFBOUT}


====================================================
Generated Clocks
====================================================

Generated Clock     : clk50_mmcm
Master Source       : u_mmcm/CLKIN1
Master Clock        : clk100
Edges               : {1 2 3}
Edge Shifts(ns)     : {0.000 5.000 10.000}
Generated Sources   : {u_mmcm/CLKOUT0}

Generated Clock     : clk_fb
Master Source       : u_mmcm/CLKIN1
Master Clock        : clk100
Multiply By         : 1
Generated Sources   : {u_mmcm/CLKFBOUT}



====================================================
User Uncertainty
====================================================



====================================================
User Jitter
====================================================


